Archive member included to satisfy reference by file (symbol)

f:/programy/atmel/studio/7.0/toolchain/avr8/avr8-gnu-toolchain/bin/../lib/gcc/avr/5.4.0/avr5\libgcc.a(_exit.o)
                              F:/Programy/Atmel/Studio/7.0/Packs/atmel/ATmega_DFP/1.2.132/gcc/dev/atmega328p/avr5/crtatmega328p.o (exit)
f:/programy/atmel/studio/7.0/toolchain/avr8/avr8-gnu-toolchain/bin/../lib/gcc/avr/5.4.0/avr5\libgcc.a(_tablejump2.o)
                              main.o (__tablejump2__)
f:/programy/atmel/studio/7.0/toolchain/avr8/avr8-gnu-toolchain/bin/../lib/gcc/avr/5.4.0/avr5\libgcc.a(_clear_bss.o)
                              main.o (__do_clear_bss)

Allocating common symbols
Common symbol       size              file

tx_test             0xc               main.o
tx_msg2             0xc               main.o

Discarded input sections

 .data          0x00000000        0x0 F:/Programy/Atmel/Studio/7.0/Packs/atmel/ATmega_DFP/1.2.132/gcc/dev/atmega328p/avr5/crtatmega328p.o
 .bss           0x00000000        0x0 F:/Programy/Atmel/Studio/7.0/Packs/atmel/ATmega_DFP/1.2.132/gcc/dev/atmega328p/avr5/crtatmega328p.o
 .text          0x00000000        0x0 ads1234/ads1234.o
 .data          0x00000000        0x0 ads1234/ads1234.o
 .bss           0x00000000        0x0 ads1234/ads1234.o
 .text          0x00000000        0x0 CAN_drv/can_drv.o
 .data          0x00000000        0x0 CAN_drv/can_drv.o
 .bss           0x00000000        0x0 CAN_drv/can_drv.o
 .text.CAN_Read
                0x00000000       0x54 CAN_drv/can_drv.o
 .text.CAN_RX_Read
                0x00000000      0x104 CAN_drv/can_drv.o
 .text.CAN_status
                0x00000000       0x1c CAN_drv/can_drv.o
 .text.CAN_setBaud
                0x00000000       0x58 CAN_drv/can_drv.o
 .text.CAN_rx_cfg
                0x00000000       0x3e CAN_drv/can_drv.o
 .text.CAN_TX_CHECK
                0x00000000       0x12 CAN_drv/can_drv.o
 .text.CAN_TX_msg
                0x00000000       0xae CAN_drv/can_drv.o
 .text.CAN_get_intf
                0x00000000        0x8 CAN_drv/can_drv.o
 .text.CAN_sdis_int
                0x00000000       0x18 CAN_drv/can_drv.o
 .text.CAN_sen_int
                0x00000000       0x18 CAN_drv/can_drv.o
 .text.CAN_clear_all_int
                0x00000000        0xa CAN_drv/can_drv.o
 .text.CAN_set_int
                0x00000000       0x18 CAN_drv/can_drv.o
 .text          0x00000000        0x0 main.o
 .data          0x00000000        0x0 main.o
 .bss           0x00000000        0x0 main.o
 .text          0x00000000        0x0 SPI_drv/SPIm328.o
 .data          0x00000000        0x0 SPI_drv/SPIm328.o
 .bss           0x00000000        0x0 SPI_drv/SPIm328.o
 .text          0x00000000        0x0 twi/twi.o
 .data          0x00000000        0x0 twi/twi.o
 .bss           0x00000000        0x0 twi/twi.o
 .text.TWIInit  0x00000000       0x12 twi/twi.o
 .text.TWIStart
                0x00000000       0x12 twi/twi.o
 .text.TWIStop  0x00000000        0x8 twi/twi.o
 .text.TWIWrite
                0x00000000       0x16 twi/twi.o
 .text.TWIReadACK
                0x00000000       0x16 twi/twi.o
 .text.TWIReadNACK
                0x00000000       0x16 twi/twi.o
 .text.TWIGetStatus
                0x00000000        0x8 twi/twi.o
 .debug_info    0x00000000      0x137 twi/twi.o
 .debug_abbrev  0x00000000       0xbd twi/twi.o
 .debug_loc     0x00000000       0x50 twi/twi.o
 .debug_aranges
                0x00000000       0x50 twi/twi.o
 .debug_ranges  0x00000000       0x40 twi/twi.o
 .debug_line    0x00000000      0x19d twi/twi.o
 .debug_str     0x00000000      0x1ae twi/twi.o
 .comment       0x00000000       0x31 twi/twi.o
 .debug_frame   0x00000000       0x84 twi/twi.o
 .text          0x00000000        0x0 uartsimple/uartsimple.o
 .data          0x00000000        0x0 uartsimple/uartsimple.o
 .bss           0x00000000        0x0 uartsimple/uartsimple.o
 .text.USART_Init
                0x00000000       0x16 uartsimple/uartsimple.o
 .text.USART_Transmit
                0x00000000       0x10 uartsimple/uartsimple.o
 .text.USART_Flush
                0x00000000        0x2 uartsimple/uartsimple.o
 .text.USART_TransmitString
                0x00000000       0x1e uartsimple/uartsimple.o
 .text.USART_Receive
                0x00000000       0x10 uartsimple/uartsimple.o
 .debug_info    0x00000000      0x134 uartsimple/uartsimple.o
 .debug_abbrev  0x00000000       0xd8 uartsimple/uartsimple.o
 .debug_loc     0x00000000       0x8a uartsimple/uartsimple.o
 .debug_aranges
                0x00000000       0x40 uartsimple/uartsimple.o
 .debug_ranges  0x00000000       0x30 uartsimple/uartsimple.o
 .debug_line    0x00000000      0x14c uartsimple/uartsimple.o
 .debug_str     0x00000000      0x1c7 uartsimple/uartsimple.o
 .comment       0x00000000       0x31 uartsimple/uartsimple.o
 .debug_frame   0x00000000       0x70 uartsimple/uartsimple.o
 .text          0x00000000        0x0 f:/programy/atmel/studio/7.0/toolchain/avr8/avr8-gnu-toolchain/bin/../lib/gcc/avr/5.4.0/avr5\libgcc.a(_exit.o)
 .data          0x00000000        0x0 f:/programy/atmel/studio/7.0/toolchain/avr8/avr8-gnu-toolchain/bin/../lib/gcc/avr/5.4.0/avr5\libgcc.a(_exit.o)
 .bss           0x00000000        0x0 f:/programy/atmel/studio/7.0/toolchain/avr8/avr8-gnu-toolchain/bin/../lib/gcc/avr/5.4.0/avr5\libgcc.a(_exit.o)
 .text.libgcc.mul
                0x00000000        0x0 f:/programy/atmel/studio/7.0/toolchain/avr8/avr8-gnu-toolchain/bin/../lib/gcc/avr/5.4.0/avr5\libgcc.a(_exit.o)
 .text.libgcc.div
                0x00000000        0x0 f:/programy/atmel/studio/7.0/toolchain/avr8/avr8-gnu-toolchain/bin/../lib/gcc/avr/5.4.0/avr5\libgcc.a(_exit.o)
 .text.libgcc   0x00000000        0x0 f:/programy/atmel/studio/7.0/toolchain/avr8/avr8-gnu-toolchain/bin/../lib/gcc/avr/5.4.0/avr5\libgcc.a(_exit.o)
 .text.libgcc.prologue
                0x00000000        0x0 f:/programy/atmel/studio/7.0/toolchain/avr8/avr8-gnu-toolchain/bin/../lib/gcc/avr/5.4.0/avr5\libgcc.a(_exit.o)
 .text.libgcc.builtins
                0x00000000        0x0 f:/programy/atmel/studio/7.0/toolchain/avr8/avr8-gnu-toolchain/bin/../lib/gcc/avr/5.4.0/avr5\libgcc.a(_exit.o)
 .text.libgcc.fmul
                0x00000000        0x0 f:/programy/atmel/studio/7.0/toolchain/avr8/avr8-gnu-toolchain/bin/../lib/gcc/avr/5.4.0/avr5\libgcc.a(_exit.o)
 .text.libgcc.fixed
                0x00000000        0x0 f:/programy/atmel/studio/7.0/toolchain/avr8/avr8-gnu-toolchain/bin/../lib/gcc/avr/5.4.0/avr5\libgcc.a(_exit.o)
 .text          0x00000000        0x0 f:/programy/atmel/studio/7.0/toolchain/avr8/avr8-gnu-toolchain/bin/../lib/gcc/avr/5.4.0/avr5\libgcc.a(_tablejump2.o)
 .data          0x00000000        0x0 f:/programy/atmel/studio/7.0/toolchain/avr8/avr8-gnu-toolchain/bin/../lib/gcc/avr/5.4.0/avr5\libgcc.a(_tablejump2.o)
 .bss           0x00000000        0x0 f:/programy/atmel/studio/7.0/toolchain/avr8/avr8-gnu-toolchain/bin/../lib/gcc/avr/5.4.0/avr5\libgcc.a(_tablejump2.o)
 .text.libgcc.mul
                0x00000000        0x0 f:/programy/atmel/studio/7.0/toolchain/avr8/avr8-gnu-toolchain/bin/../lib/gcc/avr/5.4.0/avr5\libgcc.a(_tablejump2.o)
 .text.libgcc.div
                0x00000000        0x0 f:/programy/atmel/studio/7.0/toolchain/avr8/avr8-gnu-toolchain/bin/../lib/gcc/avr/5.4.0/avr5\libgcc.a(_tablejump2.o)
 .text.libgcc.prologue
                0x00000000        0x0 f:/programy/atmel/studio/7.0/toolchain/avr8/avr8-gnu-toolchain/bin/../lib/gcc/avr/5.4.0/avr5\libgcc.a(_tablejump2.o)
 .text.libgcc.builtins
                0x00000000        0x0 f:/programy/atmel/studio/7.0/toolchain/avr8/avr8-gnu-toolchain/bin/../lib/gcc/avr/5.4.0/avr5\libgcc.a(_tablejump2.o)
 .text.libgcc.fmul
                0x00000000        0x0 f:/programy/atmel/studio/7.0/toolchain/avr8/avr8-gnu-toolchain/bin/../lib/gcc/avr/5.4.0/avr5\libgcc.a(_tablejump2.o)
 .text.libgcc.fixed
                0x00000000        0x0 f:/programy/atmel/studio/7.0/toolchain/avr8/avr8-gnu-toolchain/bin/../lib/gcc/avr/5.4.0/avr5\libgcc.a(_tablejump2.o)
 .text          0x00000000        0x0 f:/programy/atmel/studio/7.0/toolchain/avr8/avr8-gnu-toolchain/bin/../lib/gcc/avr/5.4.0/avr5\libgcc.a(_clear_bss.o)
 .data          0x00000000        0x0 f:/programy/atmel/studio/7.0/toolchain/avr8/avr8-gnu-toolchain/bin/../lib/gcc/avr/5.4.0/avr5\libgcc.a(_clear_bss.o)
 .bss           0x00000000        0x0 f:/programy/atmel/studio/7.0/toolchain/avr8/avr8-gnu-toolchain/bin/../lib/gcc/avr/5.4.0/avr5\libgcc.a(_clear_bss.o)
 .text.libgcc.mul
                0x00000000        0x0 f:/programy/atmel/studio/7.0/toolchain/avr8/avr8-gnu-toolchain/bin/../lib/gcc/avr/5.4.0/avr5\libgcc.a(_clear_bss.o)
 .text.libgcc.div
                0x00000000        0x0 f:/programy/atmel/studio/7.0/toolchain/avr8/avr8-gnu-toolchain/bin/../lib/gcc/avr/5.4.0/avr5\libgcc.a(_clear_bss.o)
 .text.libgcc   0x00000000        0x0 f:/programy/atmel/studio/7.0/toolchain/avr8/avr8-gnu-toolchain/bin/../lib/gcc/avr/5.4.0/avr5\libgcc.a(_clear_bss.o)
 .text.libgcc.prologue
                0x00000000        0x0 f:/programy/atmel/studio/7.0/toolchain/avr8/avr8-gnu-toolchain/bin/../lib/gcc/avr/5.4.0/avr5\libgcc.a(_clear_bss.o)
 .text.libgcc.builtins
                0x00000000        0x0 f:/programy/atmel/studio/7.0/toolchain/avr8/avr8-gnu-toolchain/bin/../lib/gcc/avr/5.4.0/avr5\libgcc.a(_clear_bss.o)
 .text.libgcc.fmul
                0x00000000        0x0 f:/programy/atmel/studio/7.0/toolchain/avr8/avr8-gnu-toolchain/bin/../lib/gcc/avr/5.4.0/avr5\libgcc.a(_clear_bss.o)
 .text.libgcc.fixed
                0x00000000        0x0 f:/programy/atmel/studio/7.0/toolchain/avr8/avr8-gnu-toolchain/bin/../lib/gcc/avr/5.4.0/avr5\libgcc.a(_clear_bss.o)

Memory Configuration

Name             Origin             Length             Attributes
text             0x00000000         0x00020000         xr
data             0x00800060         0x0000ffa0         rw !x
eeprom           0x00810000         0x00010000         rw !x
fuse             0x00820000         0x00000003         rw !x
lock             0x00830000         0x00000400         rw !x
signature        0x00840000         0x00000400         rw !x
user_signatures  0x00850000         0x00000400         rw !x
*default*        0x00000000         0xffffffff

Linker script and memory map

Address of section .data set to 0x800100
LOAD F:/Programy/Atmel/Studio/7.0/Packs/atmel/ATmega_DFP/1.2.132/gcc/dev/atmega328p/avr5/crtatmega328p.o
LOAD ads1234/ads1234.o
LOAD CAN_drv/can_drv.o
LOAD main.o
LOAD SPI_drv/SPIm328.o
LOAD twi/twi.o
LOAD uartsimple/uartsimple.o
START GROUP
LOAD f:/programy/atmel/studio/7.0/toolchain/avr8/avr8-gnu-toolchain/bin/../lib/gcc/avr/5.4.0/../../../../avr/lib/avr5\libm.a
END GROUP
START GROUP
LOAD f:/programy/atmel/studio/7.0/toolchain/avr8/avr8-gnu-toolchain/bin/../lib/gcc/avr/5.4.0/avr5\libgcc.a
LOAD f:/programy/atmel/studio/7.0/toolchain/avr8/avr8-gnu-toolchain/bin/../lib/gcc/avr/5.4.0/../../../../avr/lib/avr5\libm.a
LOAD f:/programy/atmel/studio/7.0/toolchain/avr8/avr8-gnu-toolchain/bin/../lib/gcc/avr/5.4.0/../../../../avr/lib/avr5\libc.a
LOAD F:/Programy/Atmel/Studio/7.0/Packs/atmel/ATmega_DFP/1.2.132/gcc/dev/atmega328p/avr5\libatmega328p.a
END GROUP
                0x00020000                __TEXT_REGION_LENGTH__ = DEFINED (__TEXT_REGION_LENGTH__)?__TEXT_REGION_LENGTH__:0x20000
                0x0000ffa0                __DATA_REGION_LENGTH__ = DEFINED (__DATA_REGION_LENGTH__)?__DATA_REGION_LENGTH__:0xffa0
                0x00010000                __EEPROM_REGION_LENGTH__ = DEFINED (__EEPROM_REGION_LENGTH__)?__EEPROM_REGION_LENGTH__:0x10000
                [0x00000003]                __FUSE_REGION_LENGTH__ = DEFINED (__FUSE_REGION_LENGTH__)?__FUSE_REGION_LENGTH__:0x400
                0x00000400                __LOCK_REGION_LENGTH__ = DEFINED (__LOCK_REGION_LENGTH__)?__LOCK_REGION_LENGTH__:0x400
                0x00000400                __SIGNATURE_REGION_LENGTH__ = DEFINED (__SIGNATURE_REGION_LENGTH__)?__SIGNATURE_REGION_LENGTH__:0x400
                0x00000400                __USER_SIGNATURE_REGION_LENGTH__ = DEFINED (__USER_SIGNATURE_REGION_LENGTH__)?__USER_SIGNATURE_REGION_LENGTH__:0x400

.hash
 *(.hash)

.dynsym
 *(.dynsym)

.dynstr
 *(.dynstr)

.gnu.version
 *(.gnu.version)

.gnu.version_d
 *(.gnu.version_d)

.gnu.version_r
 *(.gnu.version_r)

.rel.init
 *(.rel.init)

.rela.init
 *(.rela.init)

.rel.text
 *(.rel.text)
 *(.rel.text.*)
 *(.rel.gnu.linkonce.t*)

.rela.text
 *(.rela.text)
 *(.rela.text.*)
 *(.rela.gnu.linkonce.t*)

.rel.fini
 *(.rel.fini)

.rela.fini
 *(.rela.fini)

.rel.rodata
 *(.rel.rodata)
 *(.rel.rodata.*)
 *(.rel.gnu.linkonce.r*)

.rela.rodata
 *(.rela.rodata)
 *(.rela.rodata.*)
 *(.rela.gnu.linkonce.r*)

.rel.data
 *(.rel.data)
 *(.rel.data.*)
 *(.rel.gnu.linkonce.d*)

.rela.data
 *(.rela.data)
 *(.rela.data.*)
 *(.rela.gnu.linkonce.d*)

.rel.ctors
 *(.rel.ctors)

.rela.ctors
 *(.rela.ctors)

.rel.dtors
 *(.rel.dtors)

.rela.dtors
 *(.rela.dtors)

.rel.got
 *(.rel.got)

.rela.got
 *(.rela.got)

.rel.bss
 *(.rel.bss)

.rela.bss
 *(.rela.bss)

.rel.plt
 *(.rel.plt)

.rela.plt
 *(.rela.plt)

.text           0x00000000      0x880
 *(.vectors)
 .vectors       0x00000000       0x68 F:/Programy/Atmel/Studio/7.0/Packs/atmel/ATmega_DFP/1.2.132/gcc/dev/atmega328p/avr5/crtatmega328p.o
                0x00000000                __vector_default
                0x00000000                __vectors
 *(.vectors)
 *(.progmem.gcc*)
 .progmem.gcc_sw_table.__vector_2
                0x00000068        0xe main.o
                0x00000076                . = ALIGN (0x2)
                0x00000076                __trampolines_start = .
 *(.trampolines)
 .trampolines   0x00000076        0x0 linker stubs
 *(.trampolines*)
                0x00000076                __trampolines_end = .
 *libprintf_flt.a:*(.progmem.data)
 *libc.a:*(.progmem.data)
 *(.progmem*)
                0x00000076                . = ALIGN (0x2)
 *(.jumptables)
 *(.jumptables*)
 *(.lowtext)
 *(.lowtext*)
                0x00000076                __ctors_start = .
 *(.ctors)
                0x00000076                __ctors_end = .
                0x00000076                __dtors_start = .
 *(.dtors)
                0x00000076                __dtors_end = .
 SORT(*)(.ctors)
 SORT(*)(.dtors)
 *(.init0)
 .init0         0x00000076        0x0 F:/Programy/Atmel/Studio/7.0/Packs/atmel/ATmega_DFP/1.2.132/gcc/dev/atmega328p/avr5/crtatmega328p.o
                0x00000076                __init
 *(.init0)
 *(.init1)
 *(.init1)
 *(.init2)
 .init2         0x00000076        0xc F:/Programy/Atmel/Studio/7.0/Packs/atmel/ATmega_DFP/1.2.132/gcc/dev/atmega328p/avr5/crtatmega328p.o
 *(.init2)
 *(.init3)
 *(.init3)
 *(.init4)
 .init4         0x00000082       0x10 f:/programy/atmel/studio/7.0/toolchain/avr8/avr8-gnu-toolchain/bin/../lib/gcc/avr/5.4.0/avr5\libgcc.a(_clear_bss.o)
                0x00000082                __do_clear_bss
 *(.init4)
 *(.init5)
 *(.init5)
 *(.init6)
 *(.init6)
 *(.init7)
 *(.init7)
 *(.init8)
 *(.init8)
 *(.init9)
 .init9         0x00000092        0x8 F:/Programy/Atmel/Studio/7.0/Packs/atmel/ATmega_DFP/1.2.132/gcc/dev/atmega328p/avr5/crtatmega328p.o
 *(.init9)
 *(.text)
 .text          0x0000009a        0x4 F:/Programy/Atmel/Studio/7.0/Packs/atmel/ATmega_DFP/1.2.132/gcc/dev/atmega328p/avr5/crtatmega328p.o
                0x0000009a                __vector_22
                0x0000009a                __vector_1
                0x0000009a                __vector_24
                0x0000009a                __vector_12
                0x0000009a                __bad_interrupt
                0x0000009a                __vector_6
                0x0000009a                __vector_3
                0x0000009a                __vector_23
                0x0000009a                __vector_25
                0x0000009a                __vector_11
                0x0000009a                __vector_13
                0x0000009a                __vector_17
                0x0000009a                __vector_19
                0x0000009a                __vector_7
                0x0000009a                __vector_5
                0x0000009a                __vector_4
                0x0000009a                __vector_9
                0x0000009a                __vector_21
                0x0000009a                __vector_15
                0x0000009a                __vector_8
                0x0000009a                __vector_10
                0x0000009a                __vector_16
                0x0000009a                __vector_18
                0x0000009a                __vector_20
                0x0000009e                . = ALIGN (0x2)
 *(.text.*)
 .text.ADS1234_init
                0x0000009e       0x12 ads1234/ads1234.o
                0x0000009e                ADS1234_init
 .text.ADS1234_PWR
                0x000000b0       0x12 ads1234/ads1234.o
                0x000000b0                ADS1234_PWR
 .text.ADS1234_input_select
                0x000000c2       0x28 ads1234/ads1234.o
                0x000000c2                ADS1234_input_select
 .text.ADS1234_gain_select
                0x000000ea       0x28 ads1234/ads1234.o
                0x000000ea                ADS1234_gain_select
 .text.ADS1234_Speed
                0x00000112       0x12 ads1234/ads1234.o
                0x00000112                ADS1234_Speed
 .text.ADS1234_clk_high
                0x00000124        0x4 ads1234/ads1234.o
                0x00000124                ADS1234_clk_high
 .text.ADS1234_clk_low
                0x00000128        0x4 ads1234/ads1234.o
                0x00000128                ADS1234_clk_low
 .text.ADS1234_read
                0x0000012c       0xc6 ads1234/ads1234.o
                0x0000012c                ADS1234_read
 .text.CAN_reset
                0x000001f2       0x10 CAN_drv/can_drv.o
                0x000001f2                CAN_reset
 .text.CAN_Read_single
                0x00000202       0x24 CAN_drv/can_drv.o
                0x00000202                CAN_Read_single
 .text.CAN_Write
                0x00000226       0x54 CAN_drv/can_drv.o
                0x00000226                CAN_Write
 .text.CAN_Write_single
                0x0000027a       0x28 CAN_drv/can_drv.o
                0x0000027a                CAN_Write_single
 .text.CAN_modify
                0x000002a2       0x34 CAN_drv/can_drv.o
                0x000002a2                CAN_modify
 .text.CAN_mode
                0x000002d6       0x4c CAN_drv/can_drv.o
                0x000002d6                CAN_mode
 .text.CAN_check_mode
                0x00000322       0x3a CAN_drv/can_drv.o
                0x00000322                CAN_check_mode
 .text.CAN_setBaud20
                0x0000035c       0x58 CAN_drv/can_drv.o
                0x0000035c                CAN_setBaud20
 .text.CAN_TX_Write
                0x000003b4       0xb8 CAN_drv/can_drv.o
                0x000003b4                CAN_TX_Write
 .text.CAN_RTS  0x0000046c       0x24 CAN_drv/can_drv.o
                0x0000046c                CAN_RTS
 .text.CAN_int_en
                0x00000490        0xa CAN_drv/can_drv.o
                0x00000490                CAN_int_en
 .text.CAN_get_pint
                0x0000049a        0xc CAN_drv/can_drv.o
                0x0000049a                CAN_get_pint
 .text.CAN_clear_int
                0x000004a6       0x18 CAN_drv/can_drv.o
                0x000004a6                CAN_clear_int
 .text.main     0x000004be      0x1a6 main.o
                0x000004be                main
 .text.__vector_2
                0x00000664       0x92 main.o
                0x00000664                __vector_2
 .text.__vector_14
                0x000006f6      0x142 main.o
                0x000006f6                __vector_14
 .text.SPI_MasterInit
                0x00000838       0x18 SPI_drv/SPIm328.o
                0x00000838                SPI_MasterInit
 .text.SPI_MasterTransmit
                0x00000850        0xa SPI_drv/SPIm328.o
                0x00000850                SPI_MasterTransmit
 .text.SPI_MasterRecieve
                0x0000085a        0xe SPI_drv/SPIm328.o
                0x0000085a                SPI_MasterRecieve
 .text.SPI_setCS
                0x00000868        0x4 SPI_drv/SPIm328.o
                0x00000868                SPI_setCS
 .text.SPI_clearCS
                0x0000086c        0x4 SPI_drv/SPIm328.o
                0x0000086c                SPI_clearCS
 .text.libgcc   0x00000870        0xc f:/programy/atmel/studio/7.0/toolchain/avr8/avr8-gnu-toolchain/bin/../lib/gcc/avr/5.4.0/avr5\libgcc.a(_tablejump2.o)
                0x00000870                __tablejump2__
                0x0000087c                . = ALIGN (0x2)
 *(.fini9)
 .fini9         0x0000087c        0x0 f:/programy/atmel/studio/7.0/toolchain/avr8/avr8-gnu-toolchain/bin/../lib/gcc/avr/5.4.0/avr5\libgcc.a(_exit.o)
                0x0000087c                _exit
                0x0000087c                exit
 *(.fini9)
 *(.fini8)
 *(.fini8)
 *(.fini7)
 *(.fini7)
 *(.fini6)
 *(.fini6)
 *(.fini5)
 *(.fini5)
 *(.fini4)
 *(.fini4)
 *(.fini3)
 *(.fini3)
 *(.fini2)
 *(.fini2)
 *(.fini1)
 *(.fini1)
 *(.fini0)
 .fini0         0x0000087c        0x4 f:/programy/atmel/studio/7.0/toolchain/avr8/avr8-gnu-toolchain/bin/../lib/gcc/avr/5.4.0/avr5\libgcc.a(_exit.o)
 *(.fini0)
                0x00000880                _etext = .

.data           0x00800100        0x0 load address 0x00000880
                [!provide]                PROVIDE (__data_start, .)
 *(.data)
 *(.data*)
 *(.rodata)
 *(.rodata*)
 *(.gnu.linkonce.d*)
                0x00800100                . = ALIGN (0x2)
                0x00800100                _edata = .
                [!provide]                PROVIDE (__data_end, .)

.bss            0x00800100       0x1d
                0x00800100                PROVIDE (__bss_start, .)
 *(.bss)
 *(.bss*)
 .bss.data_rdy  0x00800100        0x1 main.o
                0x00800100                data_rdy
 .bss.i         0x00800101        0x4 main.o
                0x00800101                i
 *(COMMON)
 COMMON         0x00800105       0x18 main.o
                0x00800105                tx_test
                0x00800111                tx_msg2
                0x0080011d                PROVIDE (__bss_end, .)
                0x00000880                __data_load_start = LOADADDR (.data)
                0x00000880                __data_load_end = (__data_load_start + SIZEOF (.data))

.noinit         0x0080011d        0x0
                [!provide]                PROVIDE (__noinit_start, .)
 *(.noinit*)
                [!provide]                PROVIDE (__noinit_end, .)
                0x0080011d                _end = .
                [!provide]                PROVIDE (__heap_start, .)

.eeprom         0x00810000        0x0
 *(.eeprom*)
                0x00810000                __eeprom_end = .

.fuse
 *(.fuse)
 *(.lfuse)
 *(.hfuse)
 *(.efuse)

.lock
 *(.lock*)

.signature
 *(.signature*)

.user_signatures
 *(.user_signatures*)

.stab
 *(.stab)

.stabstr
 *(.stabstr)

.stab.excl
 *(.stab.excl)

.stab.exclstr
 *(.stab.exclstr)

.stab.index
 *(.stab.index)

.stab.indexstr
 *(.stab.indexstr)

.comment        0x00000000       0x30
 *(.comment)
 .comment       0x00000000       0x30 ads1234/ads1234.o
                                 0x31 (size before relaxing)
 .comment       0x00000030       0x31 CAN_drv/can_drv.o
 .comment       0x00000030       0x31 main.o
 .comment       0x00000030       0x31 SPI_drv/SPIm328.o

.note.gnu.avr.deviceinfo
                0x00000000       0x40
 .note.gnu.avr.deviceinfo
                0x00000000       0x40 F:/Programy/Atmel/Studio/7.0/Packs/atmel/ATmega_DFP/1.2.132/gcc/dev/atmega328p/avr5/crtatmega328p.o

.note.gnu.build-id
 *(.note.gnu.build-id)

.debug
 *(.debug)

.line
 *(.line)

.debug_srcinfo
 *(.debug_srcinfo)

.debug_sfnames
 *(.debug_sfnames)

.debug_aranges  0x00000000      0x1a8
 *(.debug_aranges)
 .debug_aranges
                0x00000000       0x58 ads1234/ads1234.o
 .debug_aranges
                0x00000058       0xe0 CAN_drv/can_drv.o
 .debug_aranges
                0x00000138       0x30 main.o
 .debug_aranges
                0x00000168       0x40 SPI_drv/SPIm328.o

.debug_pubnames
 *(.debug_pubnames)

.debug_info     0x00000000     0x1a0c
 *(.debug_info .gnu.linkonce.wi.*)
 .debug_info    0x00000000      0x5f4 F:/Programy/Atmel/Studio/7.0/Packs/atmel/ATmega_DFP/1.2.132/gcc/dev/atmega328p/avr5/crtatmega328p.o
 .debug_info    0x000005f4      0x242 ads1234/ads1234.o
 .debug_info    0x00000836      0xb76 CAN_drv/can_drv.o
 .debug_info    0x000013ac      0x568 main.o
 .debug_info    0x00001914       0xf8 SPI_drv/SPIm328.o

.debug_abbrev   0x00000000      0xb42
 *(.debug_abbrev)
 .debug_abbrev  0x00000000      0x5a2 F:/Programy/Atmel/Studio/7.0/Packs/atmel/ATmega_DFP/1.2.132/gcc/dev/atmega328p/avr5/crtatmega328p.o
 .debug_abbrev  0x000005a2       0xc8 ads1234/ads1234.o
 .debug_abbrev  0x0000066a      0x265 CAN_drv/can_drv.o
 .debug_abbrev  0x000008cf      0x1df main.o
 .debug_abbrev  0x00000aae       0x94 SPI_drv/SPIm328.o

.debug_line     0x00000000      0xf65
 *(.debug_line .debug_line.* .debug_line_end)
 .debug_line    0x00000000      0x133 F:/Programy/Atmel/Studio/7.0/Packs/atmel/ATmega_DFP/1.2.132/gcc/dev/atmega328p/avr5/crtatmega328p.o
 .debug_line    0x00000133      0x2b2 ads1234/ads1234.o
 .debug_line    0x000003e5      0x62e CAN_drv/can_drv.o
 .debug_line    0x00000a13      0x41f main.o
 .debug_line    0x00000e32      0x133 SPI_drv/SPIm328.o

.debug_frame    0x00000000      0x4e0
 *(.debug_frame)
 .debug_frame   0x00000000       0xbc ads1234/ads1234.o
 .debug_frame   0x000000bc      0x2d4 CAN_drv/can_drv.o
 .debug_frame   0x00000390       0xec main.o
 .debug_frame   0x0000047c       0x64 SPI_drv/SPIm328.o

.debug_str      0x00000000      0x6b2
 *(.debug_str)
 .debug_str     0x00000000      0x208 F:/Programy/Atmel/Studio/7.0/Packs/atmel/ATmega_DFP/1.2.132/gcc/dev/atmega328p/avr5/crtatmega328p.o
 .debug_str     0x00000208      0x1c5 ads1234/ads1234.o
                                0x1f9 (size before relaxing)
 .debug_str     0x000003cd      0x21e CAN_drv/can_drv.o
                                0x377 (size before relaxing)
 .debug_str     0x000005eb       0xac main.o
                                0x2eb (size before relaxing)
 .debug_str     0x00000697       0x1b SPI_drv/SPIm328.o
                                0x1b7 (size before relaxing)

.debug_loc      0x00000000     0x126b
 *(.debug_loc)
 .debug_loc     0x00000000      0x19d ads1234/ads1234.o
 .debug_loc     0x0000019d      0xd46 CAN_drv/can_drv.o
 .debug_loc     0x00000ee3      0x388 main.o

.debug_macinfo
 *(.debug_macinfo)

.debug_weaknames
 *(.debug_weaknames)

.debug_funcnames
 *(.debug_funcnames)

.debug_typenames
 *(.debug_typenames)

.debug_varnames
 *(.debug_varnames)

.debug_pubtypes
 *(.debug_pubtypes)

.debug_ranges   0x00000000      0x168
 *(.debug_ranges)
 .debug_ranges  0x00000000       0x48 ads1234/ads1234.o
 .debug_ranges  0x00000048       0xd0 CAN_drv/can_drv.o
 .debug_ranges  0x00000118       0x20 main.o
 .debug_ranges  0x00000138       0x30 SPI_drv/SPIm328.o

.debug_macro
 *(.debug_macro)
OUTPUT(waga_can.elf elf32-avr)
LOAD linker stubs
